// Jest Snapshot v1, https://goo.gl/fbAQLP

exports[`Component => TestElements 1`] = `
"<div class=\\"page-column\\" uid=\\"14\\"><form id=\\"form__main\\" class=\\"auth-bar-form\\" uid=\\"15\\"><h3 class=\\"bar__header\\" uid=\\"16\\">Sign up</h3><div class=\\"bar__content\\" uid=\\"17\\"><div class=\\"input\\" uid=\\"18\\"><label class=\\"input__label\\" for=\\"input_first-name\\" uid=\\"19\\">First name</label><input class=\\"input__input\\" type=\\"name\\" id=\\"input_first-name\\" value=\\"first_name\\" uid=\\"20\\"></div><div class=\\"input\\" uid=\\"21\\"><label class=\\"input__label\\" for=\\"input_second-name\\" uid=\\"22\\">Second name</label><input class=\\"input__input\\" type=\\"name\\" id=\\"input_second-name\\" value=\\"second_name\\" uid=\\"23\\"></div><div class=\\"input\\" uid=\\"24\\"><label class=\\"input__label\\" for=\\"input_login\\" uid=\\"25\\">Login</label><input class=\\"input__input\\" type=\\"login\\" id=\\"input_login\\" value=\\"login\\" uid=\\"26\\"></div><div class=\\"input\\" uid=\\"27\\"><label class=\\"input__label\\" for=\\"input_email\\" uid=\\"28\\">email</label><input class=\\"input__input\\" type=\\"mail\\" id=\\"input_email\\" value=\\"email\\" uid=\\"29\\"></div><div class=\\"input\\" uid=\\"30\\"><label class=\\"input__label\\" for=\\"input_password\\" uid=\\"31\\">Password</label><input class=\\"input__input\\" type=\\"password\\" id=\\"input_password\\" value=\\"\\" uid=\\"32\\"></div><div class=\\"input\\" uid=\\"33\\"><label class=\\"input__label\\" for=\\"input_phone\\" uid=\\"34\\">Phone</label><input class=\\"input__input\\" type=\\"phone\\" id=\\"input_phone\\" value=\\"phone\\" uid=\\"35\\"></div></div><div class=\\"bar__footer\\" uid=\\"36\\"><button type=\\"submit\\" class=\\"button-main\\" id=\\"button-sign-up\\" href=\\"props.href\\" uid=\\"37\\">Sign up
      </button><button type=\\"submit\\" class=\\"button-main\\" id=\\"button-to-log-in\\" href=\\"props.href\\" uid=\\"38\\">Log in
      </button></div></form></div>"
`;

exports[`Component 1`] = `
"<div class=\\"page-column\\" uid=\\"14\\"><form id=\\"form__main\\" class=\\"auth-bar-form\\" uid=\\"15\\"><h3 class=\\"bar__header\\" uid=\\"16\\">Sign up</h3><div class=\\"bar__content\\" uid=\\"17\\"><div class=\\"input\\" uid=\\"18\\"><label class=\\"input__label\\" for=\\"input_first-name\\" uid=\\"19\\">First name</label><input class=\\"input__input\\" type=\\"name\\" id=\\"input_first-name\\" value=\\"first_name\\" uid=\\"20\\"></div><div class=\\"input\\" uid=\\"21\\"><label class=\\"input__label\\" for=\\"input_second-name\\" uid=\\"22\\">Second name</label><input class=\\"input__input\\" type=\\"name\\" id=\\"input_second-name\\" value=\\"second_name\\" uid=\\"23\\"></div><div class=\\"input\\" uid=\\"24\\"><label class=\\"input__label\\" for=\\"input_login\\" uid=\\"25\\">Login</label><input class=\\"input__input\\" type=\\"login\\" id=\\"input_login\\" value=\\"login\\" uid=\\"26\\"></div><div class=\\"input\\" uid=\\"27\\"><label class=\\"input__label\\" for=\\"input_email\\" uid=\\"28\\">email</label><input class=\\"input__input\\" type=\\"mail\\" id=\\"input_email\\" value=\\"email\\" uid=\\"29\\"></div><div class=\\"input\\" uid=\\"30\\"><label class=\\"input__label\\" for=\\"input_password\\" uid=\\"31\\">Password</label><input class=\\"input__input\\" type=\\"password\\" id=\\"input_password\\" value=\\"\\" uid=\\"32\\"></div><div class=\\"input\\" uid=\\"33\\"><label class=\\"input__label\\" for=\\"input_phone\\" uid=\\"34\\">Phone</label><input class=\\"input__input\\" type=\\"phone\\" id=\\"input_phone\\" value=\\"phone\\" uid=\\"35\\"></div></div><div class=\\"bar__footer\\" uid=\\"36\\"><button type=\\"submit\\" class=\\"button-main\\" id=\\"button-sign-up\\" href=\\"props.href\\" uid=\\"37\\">Sign up
      </button><button type=\\"submit\\" class=\\"button-main\\" id=\\"button-to-log-in\\" href=\\"props.href\\" uid=\\"38\\">Log in
      </button></div></form></div>"
`;
